CCS PCH C Compiler, Version 5.056, 29513               01-Jun-20 16:28

               Filename:   C:\Users\maisun\Documents\PhD\offline\code\ccs\blink\blink.lst

               ROM used:   162 bytes (0%)
                           Largest free fragment is 65520
               RAM used:   5 (0%) at main() level
                           6 (0%) worst case
               Stack used: 0 locations
               Stack size: 31

*
00000:  NOP   
00002:  GOTO   002E
.................... #include <blink.h> 
.................... #include <18F67J94.h> 
.................... //////////// Standard Header file for the PIC18F67J94 device //////////////// 
.................... /////////////////////////////////////////////////////////////////////////// 
.................... ////        (C) Copyright 1996, 2014 Custom Computer Services          //// 
.................... //// This source code may only be used by licensed users of the CCS C  //// 
.................... //// compiler.  This source code may only be distributed to other      //// 
.................... //// licensed users of the CCS C compiler.  No other use, reproduction //// 
.................... //// or distribution is permitted without written permission.          //// 
.................... //// Derivative programs created using this software in object code    //// 
.................... //// form are not restricted in any way.                               //// 
.................... /////////////////////////////////////////////////////////////////////////// 
.................... #device PIC18F67J94 
....................  
.................... #list 
....................  
.................... #use delay(clock=16000000,crystal=16000000) 
00006:  CLRF   FEA
00008:  MOVLW  06
0000A:  MOVWF  FE9
0000C:  MOVF   FEF,W
0000E:  BZ    002C
00010:  MOVLW  05
00012:  MOVWF  01
00014:  CLRF   00
00016:  DECFSZ 00,F
00018:  BRA    0016
0001A:  DECFSZ 01,F
0001C:  BRA    0014
0001E:  MOVLW  2E
00020:  MOVWF  00
00022:  DECFSZ 00,F
00024:  BRA    0022
00026:  BRA    0028
00028:  DECFSZ FEF,F
0002A:  BRA    0010
0002C:  RETURN 0
.................... #define LED PIN_E5 
.................... #define DELAY 2000 
....................  
....................  
....................  
....................  
.................... void main() 
0002E:  CLRF   FF8
00030:  BCF    FD0.7
00032:  MOVLB  E
00034:  MOVLW  55
00036:  MOVWF  F7E
00038:  MOVLW  AA
0003A:  MOVWF  F7E
0003C:  BCF    F66.6
0003E:  MOVLW  55
00040:  MOVWF  F7E
00042:  MOVLW  AA
00044:  MOVWF  F7E
00046:  BSF    F66.6
00048:  CLRF   F9B
0004A:  CLRF   F64
0004C:  CLRF   F65
0004E:  CLRF   F66
00050:  MOVLW  02
00052:  MOVWF  FD3
00054:  CLRF   xD9
00056:  CLRF   xDA
00058:  CLRF   x45
0005A:  CLRF   x46
0005C:  CLRF   x47
0005E:  BCF    x8D.7
00060:  BCF    x8D.6
00062:  BCF    x8D.5
00064:  MOVLB  1
00066:  CLRF   x88
00068:  MOVLB  F
0006A:  CLRF   x53
0006C:  CLRF   x38
0006E:  CLRF   x37
.................... { 
....................  
.................... 	while(TRUE) 
.................... 	{ 
....................  
.................... 		//Example blinking LED program 
.................... 		output_low(LED); 
00070:  BCF    F96.5
00072:  BCF    F8D.5
.................... 		delay_ms(DELAY); 
00074:  MOVLW  08
00076:  MOVWF  05
00078:  MOVLW  FA
0007A:  MOVWF  06
0007C:  MOVLB  0
0007E:  RCALL  0006
00080:  DECFSZ 05,F
00082:  BRA    0086
00084:  BRA    008A
00086:  MOVLB  F
00088:  BRA    0078
.................... 		output_high(LED); 
0008A:  BCF    F96.5
0008C:  BSF    F8D.5
.................... 		delay_ms(DELAY); 
0008E:  MOVLW  08
00090:  MOVWF  05
00092:  MOVLW  FA
00094:  MOVWF  06
00096:  RCALL  0006
00098:  DECFSZ 05,F
0009A:  BRA    0092
0009C:  MOVLB  F
0009E:  BRA    0070
....................  
.................... 		//TODO: User Code 
.................... 	} 
....................  
.................... } 
000A0:  SLEEP 

Configuration Fuses:
   Word  1: F7A0   STVREN NOXINST NODEBUG BROWNOUT_SW BORV18 NOPROTECT
   Word  2: FFA2   PR SOSC_DIG CLOCKOUT IESO NOPLL
   Word  3: F032   HS
   Word  4: F7FF   WPFP WPDIS WPEND NOWPCFG
   Word  5: FF03   T5G_IS_T5G CINA_DEFAULT IOL1WAY LS48MHZ MSSP2MSK7 MSSPMSK7
   Word  6: FCFF   WDTWIN_25% WDTCLK_FRC WDT32768 NOWDT WINDIS WPRES128
   Word  7: F01D   NOVREGSLEEP VBATBOR DSBOR DS_SW
   Word  8: F3F8   DSWDT_25DAYS DSWDT DSWDTOSC_INT
